[codigodivino.site/index.html]
[backblue.gif]
[fade.gif]
[index.html]
[codigodivino.site/_astro-1759272843566/_slug_.DitqLDFy.css]
[codigodivino.site/t]
[assets.zyrosite.com/cdn-cgi/image/format=auto,w=768,h=512,fit=crop/mv0J6lreP1hM886K/1754920122-AVLaED2RLRtvoNoe.png]
[assets.zyrosite.com/cdn-cgi/image/format=auto,w=375,h=440,fit=crop/mv0J6lreP1hM886K/1754920122-AVLaED2RLRtvoNoe.png]
[assets.zyrosite.com/cdn-cgi/image/format=auto,w=768,h=512,fit=crop/mv0J6lreP1hM886K/1754920171-mxBXLxJRznU0EWeB.png]
[assets.zyrosite.com/cdn-cgi/image/format=auto,w=375,h=440,fit=crop/mv0J6lreP1hM886K/1754920171-mxBXLxJRznU0EWeB.png]
[assets.zyrosite.com/cdn-cgi/image/format=auto,w=768,h=512,fit=crop/mv0J6lreP1hM886K/1754920422-Awv9xL6n15uK6Kpk.png]
[assets.zyrosite.com/cdn-cgi/image/format=auto,w=375,h=440,fit=crop/mv0J6lreP1hM886K/1754920422-Awv9xL6n15uK6Kpk.png]
[assets.zyrosite.com/cdn-cgi/image/format=auto,w=768,h=512,fit=crop/mv0J6lreP1hM886K/1754920998-A85VW6bO0GF1zXo3.png]
[assets.zyrosite.com/cdn-cgi/image/format=auto,w=375,h=440,fit=crop/mv0J6lreP1hM886K/1754920998-A85VW6bO0GF1zXo3.png]
[assets.zyrosite.com/cdn-cgi/image/format=auto,w=768,h=512,fit=crop/mv0J6lreP1hM886K/1754921657-mnlJD7MLKVf1oD47.png]
[assets.zyrosite.com/cdn-cgi/image/format=auto,w=375,h=440,fit=crop/mv0J6lreP1hM886K/1754921657-mnlJD7MLKVf1oD47.png]
[assets.zyrosite.com/cdn-cgi/image/format=auto,w=375,h=338,fit=crop/mv0J6lreP1hM886K/sinal-de-visto-d954JDv39ZCNNZgr.png]
[assets.zyrosite.com/cdn-cgi/image/format=auto,w=375,h=348,fit=crop/mv0J6lreP1hM886K/sinal-de-visto-d954JDv39ZCNNZgr.png]
[assets.zyrosite.com/cdn-cgi/image/format=auto,w=375,h=300,fit=crop/mv0J6lreP1hM886K/sinal-de-visto-d954JDv39ZCNNZgr.png]
[assets.zyrosite.com/cdn-cgi/image/format=auto,w=375,h=321,fit=crop/mv0J6lreP1hM886K/sinal-de-visto-d954JDv39ZCNNZgr.png]
[assets.zyrosite.com/cdn-cgi/image/format=auto,w=375,h=313,fit=crop/mv0J6lreP1hM886K/sinal-de-visto-d954JDv39ZCNNZgr.png]
[assets.zyrosite.com/cdn-cgi/image/format=auto,w=1920,fit=crop/mv0J6lreP1hM886K/pergament-papier-hintergrund-textur-16442127221im-YZ9jqabgOjt55JG5.jpg]
[assets.zyrosite.com/cdn-cgi/image/format=auto,w=768,h=512,fit=crop/mv0J6lreP1hM886K/sala-dos-professores-por-que-a-escola-deve-se-preocupar-com-este-ambiente-2-AVLaE3W48lCNWVZ1.jpg]
[assets.zyrosite.com/cdn-cgi/image/format=auto,w=375,h=198,fit=crop/mv0J6lreP1hM886K/sala-dos-professores-por-que-a-escola-deve-se-preocupar-com-este-ambiente-2-AVLaE3W48lCNWVZ1.jpg]
[assets.zyrosite.com/cdn-cgi/image/format=auto,w=768,h=512,fit=crop/mv0J6lreP1hM886K/discipulado-iglesias-1024x576-YZ9jqaWD25S24k20.jpg]
[assets.zyrosite.com/cdn-cgi/image/format=auto,w=375,h=177,fit=crop/mv0J6lreP1hM886K/discipulado-iglesias-1024x576-YZ9jqaWD25S24k20.jpg]
[assets.zyrosite.com/cdn-cgi/image/format=auto,w=768,h=512,fit=crop/mv0J6lreP1hM886K/depositphotos_90554238-stock-photo-happy-young-family-reading-a-mxBXLjEWa7tPv4GP.jpg]
[assets.zyrosite.com/cdn-cgi/image/format=auto,w=375,h=199,fit=crop/mv0J6lreP1hM886K/depositphotos_90554238-stock-photo-happy-young-family-reading-a-mxBXLjEWa7tPv4GP.jpg]
[assets.zyrosite.com/cdn-cgi/image/format=auto,w=768,h=512,fit=crop/mv0J6lreP1hM886K/1754593755-mePJ4397ZvULDebL.png]
[assets.zyrosite.com/cdn-cgi/image/format=auto,w=375,h=421,fit=crop/mv0J6lreP1hM886K/1754593755-mePJ4397ZvULDebL.png]
[assets.zyrosite.com/cdn-cgi/image/format=auto,w=768,h=512,fit=crop/mv0J6lreP1hM886K/1754593871-Y4LvzE71PnUOvDn5.png]
[assets.zyrosite.com/cdn-cgi/image/format=auto,w=375,h=421,fit=crop/mv0J6lreP1hM886K/1754593871-Y4LvzE71PnUOvDn5.png]
[assets.zyrosite.com/cdn-cgi/image/format=auto,w=768,h=512,fit=crop/mv0J6lreP1hM886K/1754593730-m6Lbn4NRZqUoJ327.png]
[assets.zyrosite.com/cdn-cgi/image/format=auto,w=375,h=402,fit=crop/mv0J6lreP1hM886K/1754593730-m6Lbn4NRZqUoJ327.png]
[assets.zyrosite.com/cdn-cgi/image/format=auto,w=768,h=512,fit=crop/mv0J6lreP1hM886K/1754593687-dJobMGvyM8TbRGP6.png]
[assets.zyrosite.com/cdn-cgi/image/format=auto,w=375,h=417,fit=crop/mv0J6lreP1hM886K/1754593687-dJobMGvyM8TbRGP6.png]
[assets.zyrosite.com/cdn-cgi/image/format=auto,w=768,h=512,fit=crop/mv0J6lreP1hM886K/1754593781-m5KnqWzo1ltzlGw0.png]
[assets.zyrosite.com/cdn-cgi/image/format=auto,w=375,h=421,fit=crop/mv0J6lreP1hM886K/1754593781-m5KnqWzo1ltzlGw0.png]
[assets.zyrosite.com/cdn-cgi/image/format=auto,w=375,h=325,fit=crop/mv0J6lreP1hM886K/garantia-YrDNbk5xkXtbRqee.png]
[assets.zyrosite.com/cdn-cgi/image/format=auto,w=375,h=365,fit=crop/mv0J6lreP1hM886K/garantia-YrDNbk5xkXtbRqee.png]
[codigodivino.site/index.html]
[codigodivino.site/_astro-1759272843566/_slug_.DitqLDFy.css]
[codigodivino.site/t.html]
